// Jest Snapshot v1, https://goo.gl/fbAQLP

exports[`App matches snapshot 1`] = `
<DocumentFragment>
  <div>
    <h2>
      React Seed
    </h2>
  </div>
</DocumentFragment>
`;
